// Jest Snapshot v1, https://goo.gl/fbAQLP

exports[`renders the UI as expected 1`] = `
<div>
  <h2>
    404 - Page not found
  </h2>
  <p>
    How did you even get here? That's not supposed to happen.
  </p>
</div>
`;
