// Jest Snapshot v1, https://goo.gl/fbAQLP

exports[`renders the UI as expected 1`] = `
<div>
  <h1>
    My Personal Hangar
  </h1>
  <button
    onClick={[Function]}
  >
    Create New Ship
  </button>
</div>
`;
