// Jest Snapshot v1, https://goo.gl/fbAQLP

exports[`renders the UI as expected 1`] = `
<div>
  <h1>
    Logout Page
  </h1>
  <p>
    How did you even get here? That's not supposed to happen.
  </p>
</div>
`;
