// Jest Snapshot v1, https://goo.gl/fbAQLP

exports[`renders the UI as expected 1`] = `
<div
  className="header"
>
  <a
    href="/signup"
    onClick={[Function]}
  >
    Create Account
  </a>
   | 
  <a
    href="/login"
    onClick={[Function]}
  >
    Login
  </a>
</div>
`;
