// Jest Snapshot v1, https://goo.gl/fbAQLP

exports[`renders the UI as expected 1`] = `
<div>
  <h1>
    Hello Create Ship Page
  </h1>
</div>
`;
